Number of primes in L above the split primes
The split prime 1021 factors into 32 primes in L
The split prime 1741 factors into 16 primes in L
The split prime 1861 factors into 16 primes in L
Number of primes in L above the non-split primes
The non-split prime 61 factors into 32 primes in L
The non-split prime 181 factors into 16 primes in L
The non-split prime 241 factors into 32 primes in L
The non-split prime 421 factors into 16 primes in L
The non-split prime 541 factors into 32 primes in L
The non-split prime 601 factors into 16 primes in L
The non-split prime 661 factors into 16 primes in L
The non-split prime 1201 factors into 32 primes in L
The non-split prime 1321 factors into 16 primes in L
The non-split prime 1381 factors into 32 primes in L
The non-split prime 1621 factors into 16 primes in L
The non-split prime 1801 factors into 32 primes in L
Number of primes in L above the split primes
The split prime 1021 factors into 32 primes in L
The split prime 1741 factors into 32 primes in L
The split prime 1861 factors into 32 primes in L
Number of primes in L above the non-split primes
The non-split prime 61 factors into 32 primes in L
The non-split prime 181 factors into 16 primes in L
The non-split prime 241 factors into 16 primes in L
The non-split prime 421 factors into 16 primes in L
The non-split prime 541 factors into 16 primes in L
The non-split prime 601 factors into 32 primes in L
The non-split prime 661 factors into 32 primes in L
The non-split prime 1201 factors into 32 primes in L
The non-split prime 1321 factors into 32 primes in L
The non-split prime 1381 factors into 16 primes in L
The non-split prime 1621 factors into 16 primes in L
The non-split prime 1801 factors into 32 primes in L
Number of primes in L above the split primes
The split prime 1021 factors into 32 primes in L
The split prime 1741 factors into 32 primes in L
The split prime 1861 factors into 32 primes in L
Number of primes in L above the non-split primes
The non-split prime 61 factors into 16 primes in L
The non-split prime 181 factors into 32 primes in L
The non-split prime 241 factors into 16 primes in L
The non-split prime 421 factors into 16 primes in L
The non-split prime 541 factors into 32 primes in L
The non-split prime 601 factors into 16 primes in L
The non-split prime 661 factors into 16 primes in L
The non-split prime 1201 factors into 16 primes in L
The non-split prime 1321 factors into 16 primes in L
The non-split prime 1381 factors into 16 primes in L
The non-split prime 1621 factors into 32 primes in L
The non-split prime 1801 factors into 16 primes in L

Total time: 13.279 seconds, Total memory usage: 32.09MB
